[0.007s] Invoking command in '/home/yalcinolgac/ros2_ws/build/day2_2': AMENT_PREFIX_PATH=/home/yalcinolgac/ros2_ws/install/day2:${AMENT_PREFIX_PATH} CMAKE_PREFIX_PATH=/home/yalcinolgac/ros2_ws/install/day2:${CMAKE_PREFIX_PATH} LD_LIBRARY_PATH=/home/yalcinolgac/ros2_ws/install/day2/lib:${LD_LIBRARY_PATH} PYTHONPATH=/home/yalcinolgac/ros2_ws/install/day2/lib/python3.12/site-packages:${PYTHONPATH} /usr/bin/cmake /home/yalcinolgac/ros2_ws/src/day2_2 -DCMAKE_INSTALL_PREFIX=/home/yalcinolgac/ros2_ws/install/day2_2
[0.021s] -- Found ament_cmake: 2.5.4 (/opt/ros/jazzy/share/ament_cmake/cmake)
[0.162s] -- Found rclcpp: 28.1.9 (/opt/ros/jazzy/share/rclcpp/cmake)
[0.211s] -- Found rosidl_generator_c: 4.6.5 (/opt/ros/jazzy/share/rosidl_generator_c/cmake)
[0.218s] -- Found rosidl_generator_cpp: 4.6.5 (/opt/ros/jazzy/share/rosidl_generator_cpp/cmake)
[0.229s] -- Using all available rosidl_typesupport_c: rosidl_typesupport_fastrtps_c;rosidl_typesupport_introspection_c
[0.241s] -- Using all available rosidl_typesupport_cpp: rosidl_typesupport_fastrtps_cpp;rosidl_typesupport_introspection_cpp
[0.291s] -- Found rmw_implementation_cmake: 7.3.2 (/opt/ros/jazzy/share/rmw_implementation_cmake/cmake)
[0.293s] -- Found rmw_fastrtps_cpp: 8.4.2 (/opt/ros/jazzy/share/rmw_fastrtps_cpp/cmake)
[0.341s] -- Using RMW implementation 'rmw_fastrtps_cpp' as default
[0.395s] -- Found std_msgs: 5.3.6 (/opt/ros/jazzy/share/std_msgs/cmake)
[0.406s] -- Found geometry_msgs: 5.3.6 (/opt/ros/jazzy/share/geometry_msgs/cmake)
[0.419s] -- Found day2: 1.0.0 (/home/yalcinolgac/ros2_ws/install/day2/share/day2/cmake)
[0.431s] [31mCMake Error at CMakeLists.txt:18 (target_include_directories):
[0.431s]   Cannot specify include directories for target "robot_status_publisher"
[0.431s]   which is not built by this project.
[0.432s] 
[0.432s] [0m
[0.432s] [31mCMake Error at CMakeLists.txt:32 (target_include_directories):
[0.432s]   Cannot specify include directories for target "robot_status_subscriber"
[0.432s]   which is not built by this project.
[0.432s] 
[0.432s] [0m
[0.474s] Error parsing '/home/yalcinolgac/ros2_ws/src/day2_2/package.xml':
[1.443s] Traceback (most recent call last):
[1.443s]   File "/usr/lib/python3/dist-packages/catkin_pkg/package.py", line 610, in parse_package_string
[1.443s]     root = dom.parseString(data)
[1.443s]            ^^^^^^^^^^^^^^^^^^^^^
[1.443s]   File "/usr/lib/python3.12/xml/dom/minidom.py", line 2000, in parseString
[1.443s]     return expatbuilder.parseString(string)
[1.443s]            ^^^^^^^^^^^^^^^^^^^^^^^^^^^^^^^^
[1.443s]   File "/usr/lib/python3.12/xml/dom/expatbuilder.py", line 922, in parseString
[1.444s]     return builder.parseString(string)
[1.444s]            ^^^^^^^^^^^^^^^^^^^^^^^^^^^
[1.444s]   File "/usr/lib/python3.12/xml/dom/expatbuilder.py", line 220, in parseString
[1.444s]     parser.Parse(string, True)
[1.444s] xml.parsers.expat.ExpatError: not well-formed (invalid token): line 1, column 0
[1.444s] 
[1.444s] During handling of the above exception, another exception occurred:
[1.444s] 
[1.444s] Traceback (most recent call last):
[1.444s]   File "/opt/ros/jazzy/share/ament_cmake_core/cmake/core/package_xml_2_cmake.py", line 150, in <module>
[1.444s]     main()
[1.444s]   File "/opt/ros/jazzy/share/ament_cmake_core/cmake/core/package_xml_2_cmake.py", line 53, in main
[1.444s]     raise e
[1.444s]   File "/opt/ros/jazzy/share/ament_cmake_core/cmake/core/package_xml_2_cmake.py", line 49, in main
[1.444s]     package = parse_package_string(
[1.444s]               ^^^^^^^^^^^^^^^^^^^^^
[1.444s]   File "/usr/lib/python3/dist-packages/catkin_pkg/package.py", line 612, in parse_package_string
[1.444s]     raise InvalidPackage('The manifest contains invalid XML:\n%s' % ex, filename)
[1.444s] catkin_pkg.package.InvalidPackage: Error(s) in package '/home/yalcinolgac/ros2_ws/src/day2_2/package.xml':
[1.444s] The manifest contains invalid XML:
[1.444s] not well-formed (invalid token): line 1, column 0
[1.461s] [31mCMake Error at /opt/ros/jazzy/share/ament_cmake_core/cmake/core/ament_package_xml.cmake:95 (message):
[1.461s]   execute_process(/usr/bin/python3
[1.461s]   /opt/ros/jazzy/share/ament_cmake_core/cmake/core/package_xml_2_cmake.py
[1.461s]   /home/yalcinolgac/ros2_ws/src/day2_2/package.xml
[1.461s]   /home/yalcinolgac/ros2_ws/build/day2_2/ament_cmake_core/package.cmake)
[1.461s]   returned error code 1
[1.461s] Call Stack (most recent call first):
[1.462s]   /opt/ros/jazzy/share/ament_cmake_core/cmake/core/ament_package_xml.cmake:49 (_ament_package_xml)
[1.462s]   /opt/ros/jazzy/share/ament_cmake_core/cmake/core/ament_package.cmake:63 (ament_package_xml)
[1.462s]   CMakeLists.txt:58 (ament_package)
[1.462s] 
[1.462s] [0m
[1.462s] -- Configuring incomplete, errors occurred!
[1.467s] Invoked command in '/home/yalcinolgac/ros2_ws/build/day2_2' returned '1': AMENT_PREFIX_PATH=/home/yalcinolgac/ros2_ws/install/day2:${AMENT_PREFIX_PATH} CMAKE_PREFIX_PATH=/home/yalcinolgac/ros2_ws/install/day2:${CMAKE_PREFIX_PATH} LD_LIBRARY_PATH=/home/yalcinolgac/ros2_ws/install/day2/lib:${LD_LIBRARY_PATH} PYTHONPATH=/home/yalcinolgac/ros2_ws/install/day2/lib/python3.12/site-packages:${PYTHONPATH} /usr/bin/cmake /home/yalcinolgac/ros2_ws/src/day2_2 -DCMAKE_INSTALL_PREFIX=/home/yalcinolgac/ros2_ws/install/day2_2
