[0.009s] Invoking command in '/home/yalcinolgac/ros2_ws/build/day1': /usr/bin/cmake --build /home/yalcinolgac/ros2_ws/build/day1 -- -j32 -l32
[0.026s] -- Found ament_cmake: 2.5.4 (/opt/ros/jazzy/share/ament_cmake/cmake)
[0.153s] -- Found rclcpp: 28.1.9 (/opt/ros/jazzy/share/rclcpp/cmake)
[0.211s] -- Found rosidl_generator_c: 4.6.5 (/opt/ros/jazzy/share/rosidl_generator_c/cmake)
[0.225s] -- Found rosidl_generator_cpp: 4.6.5 (/opt/ros/jazzy/share/rosidl_generator_cpp/cmake)
[0.245s] -- Using all available rosidl_typesupport_c: rosidl_typesupport_fastrtps_c;rosidl_typesupport_introspection_c
[0.262s] -- Using all available rosidl_typesupport_cpp: rosidl_typesupport_fastrtps_cpp;rosidl_typesupport_introspection_cpp
[0.332s] -- Found rmw_implementation_cmake: 7.3.2 (/opt/ros/jazzy/share/rmw_implementation_cmake/cmake)
[0.336s] -- Found rmw_fastrtps_cpp: 8.4.2 (/opt/ros/jazzy/share/rmw_fastrtps_cpp/cmake)
[0.405s] -- Found OpenSSL: /usr/lib/x86_64-linux-gnu/libcrypto.so (found version "3.0.13")  
[0.419s] -- Found FastRTPS: /opt/ros/jazzy/include (Required is at least version "2.13") 
[0.432s] -- Using RMW implementation 'rmw_fastrtps_cpp' as default
[0.499s] -- Found std_msgs: 5.3.6 (/opt/ros/jazzy/share/std_msgs/cmake)
[0.552s] Error parsing '/home/yalcinolgac/ros2_ws/src/day1/package.xml':
[1.621s] Traceback (most recent call last):
[1.621s]   File "/usr/lib/python3/dist-packages/catkin_pkg/package.py", line 610, in parse_package_string
[1.621s]     root = dom.parseString(data)
[1.621s]            ^^^^^^^^^^^^^^^^^^^^^
[1.621s]   File "/usr/lib/python3.12/xml/dom/minidom.py", line 2000, in parseString
[1.621s]     return expatbuilder.parseString(string)
[1.621s]            ^^^^^^^^^^^^^^^^^^^^^^^^^^^^^^^^
[1.621s]   File "/usr/lib/python3.12/xml/dom/expatbuilder.py", line 922, in parseString
[1.622s]     return builder.parseString(string)
[1.622s]            ^^^^^^^^^^^^^^^^^^^^^^^^^^^
[1.622s]   File "/usr/lib/python3.12/xml/dom/expatbuilder.py", line 220, in parseString
[1.622s]     parser.Parse(string, True)
[1.622s] xml.parsers.expat.ExpatError: XML or text declaration not at start of entity: line 3, column 0
[1.622s] 
[1.622s] During handling of the above exception, another exception occurred:
[1.622s] 
[1.622s] Traceback (most recent call last):
[1.622s]   File "/opt/ros/jazzy/share/ament_cmake_core/cmake/core/package_xml_2_cmake.py", line 150, in <module>
[1.622s]     main()
[1.622s]   File "/opt/ros/jazzy/share/ament_cmake_core/cmake/core/package_xml_2_cmake.py", line 53, in main
[1.622s]     raise e
[1.622s]   File "/opt/ros/jazzy/share/ament_cmake_core/cmake/core/package_xml_2_cmake.py", line 49, in main
[1.622s]     package = parse_package_string(
[1.622s]               ^^^^^^^^^^^^^^^^^^^^^
[1.622s]   File "/usr/lib/python3/dist-packages/catkin_pkg/package.py", line 612, in parse_package_string
[1.622s]     raise InvalidPackage('The manifest contains invalid XML:\n%s' % ex, filename)
[1.622s] catkin_pkg.package.InvalidPackage: Error(s) in package '/home/yalcinolgac/ros2_ws/src/day1/package.xml':
[1.622s] The manifest contains invalid XML:
[1.622s] XML or text declaration not at start of entity: line 3, column 0
[1.639s] [31mCMake Error at /opt/ros/jazzy/share/ament_cmake_core/cmake/core/ament_package_xml.cmake:95 (message):
[1.639s]   execute_process(/usr/bin/python3
[1.639s]   /opt/ros/jazzy/share/ament_cmake_core/cmake/core/package_xml_2_cmake.py
[1.639s]   /home/yalcinolgac/ros2_ws/src/day1/package.xml
[1.639s]   /home/yalcinolgac/ros2_ws/build/day1/ament_cmake_core/package.cmake)
[1.639s]   returned error code 1
[1.639s] Call Stack (most recent call first):
[1.639s]   /opt/ros/jazzy/share/ament_cmake_core/cmake/core/ament_package_xml.cmake:49 (_ament_package_xml)
[1.639s]   /opt/ros/jazzy/share/ament_cmake_core/cmake/core/ament_package.cmake:63 (ament_package_xml)
[1.639s]   CMakeLists.txt:51 (ament_package)
[1.639s] 
[1.639s] [0m
[1.639s] -- Configuring incomplete, errors occurred!
[1.643s] gmake: *** [Makefile:226: cmake_check_build_system] Error 1
[1.644s] Invoked command in '/home/yalcinolgac/ros2_ws/build/day1' returned '2': /usr/bin/cmake --build /home/yalcinolgac/ros2_ws/build/day1 -- -j32 -l32
